------------------------------------------------------------
Timing Analyzer Summary
------------------------------------------------------------

Type  : Slow 1200mV 85C Model Setup 'CLOCK|altpll_component|pll|clk[0]'
Slack : -1.776
TNS   : -324.813

Type  : Slow 1200mV 85C Model Hold 'CLOCK|altpll_component|pll|clk[0]'
Slack : 0.401
TNS   : 0.000

Type  : Slow 1200mV 85C Model Minimum Pulse Width 'CLOCK|altpll_component|pll|clk[0]'
Slack : 5.958
TNS   : 0.000

Type  : Slow 1200mV 85C Model Minimum Pulse Width 'CLOCK_50'
Slack : 9.819
TNS   : 0.000

Type  : Slow 1200mV 0C Model Setup 'CLOCK|altpll_component|pll|clk[0]'
Slack : -1.044
TNS   : -148.538

Type  : Slow 1200mV 0C Model Hold 'CLOCK|altpll_component|pll|clk[0]'
Slack : 0.353
TNS   : 0.000

Type  : Slow 1200mV 0C Model Minimum Pulse Width 'CLOCK|altpll_component|pll|clk[0]'
Slack : 5.960
TNS   : 0.000

Type  : Slow 1200mV 0C Model Minimum Pulse Width 'CLOCK_50'
Slack : 9.799
TNS   : 0.000

Type  : Fast 1200mV 0C Model Setup 'CLOCK|altpll_component|pll|clk[0]'
Slack : 2.099
TNS   : 0.000

Type  : Fast 1200mV 0C Model Hold 'CLOCK|altpll_component|pll|clk[0]'
Slack : 0.180
TNS   : 0.000

Type  : Fast 1200mV 0C Model Minimum Pulse Width 'CLOCK|altpll_component|pll|clk[0]'
Slack : 6.000
TNS   : 0.000

Type  : Fast 1200mV 0C Model Minimum Pulse Width 'CLOCK_50'
Slack : 9.400
TNS   : 0.000

------------------------------------------------------------
